
TypeError: this[(teamGenerator || "randomTeam")] is not a function
    at Tools.exports.BattleScripts.getTeam (C:\Users\Alex\Downloads\Pokemon-Showdown-master\data\scripts.js:729:45)
    at new BattleSide (C:\Users\Alex\Downloads\Pokemon-Showdown-master\battle-engine.js:1330:27)
    at Tools.Battle.join (C:\Users\Alex\Downloads\Pokemon-Showdown-master\battle-engine.js:4896:15)
    at Tools.Battle.receive (C:\Users\Alex\Downloads\Pokemon-Showdown-master\battle-engine.js:4956:9)
    at process.on.e (C:\Users\Alex\Downloads\Pokemon-Showdown-master\simulator.js:508:13)
    at emitTwo (events.js:106:13)
    at process.emit (events.js:191:7)
    at process.nextTick (internal/child_process.js:719:12)
    at _combinedTickCallback (internal/process/next_tick.js:67:7)
    at process._tickCallback (internal/process/next_tick.js:98:9)

Additional information:
  message = battle-randombattlenolegendaries-45|join|p1|cheesester20|34
  currentRequest = 
  log = 



TypeError: Cannot set property 'currentRequest' of null
    at Tools.Battle.makeRequest (C:\Users\Alex\Downloads\Pokemon-Showdown-master\battle-engine.js:2944:26)
    at process.on.e (C:\Users\Alex\Downloads\Pokemon-Showdown-master\simulator.js:520:14)
    at emitTwo (events.js:106:13)
    at process.emit (events.js:191:7)
    at process.nextTick (internal/child_process.js:719:12)
    at _combinedTickCallback (internal/process/next_tick.js:67:7)
    at process._tickCallback (internal/process/next_tick.js:98:9)

TypeError: this[(teamGenerator || "randomTeam")] is not a function
    at Tools.exports.BattleScripts.getTeam (C:\Users\Alex\Downloads\Pokemon-Showdown-master\data\scripts.js:729:45)
    at new BattleSide (C:\Users\Alex\Downloads\Pokemon-Showdown-master\battle-engine.js:1330:27)
    at Tools.Battle.join (C:\Users\Alex\Downloads\Pokemon-Showdown-master\battle-engine.js:4887:15)
    at Tools.Battle.receive (C:\Users\Alex\Downloads\Pokemon-Showdown-master\battle-engine.js:4956:9)
    at process.on.e (C:\Users\Alex\Downloads\Pokemon-Showdown-master\simulator.js:508:13)
    at emitTwo (events.js:106:13)
    at process.emit (events.js:191:7)
    at process.nextTick (internal/child_process.js:719:12)
    at _combinedTickCallback (internal/process/next_tick.js:67:7)
    at process._tickCallback (internal/process/next_tick.js:98:9)

Additional information:
  message = battle-randombattlenolegendaries-45|join|p2|Dog and Cow|156
  currentRequest = 
  log = 
|html|<div class="broadcast-red"><b>The battle crashed</b><br />You can keep playing but it might crash again.</div>


TypeError: Cannot set property 'currentRequest' of null
    at Tools.Battle.makeRequest (C:\Users\Alex\Downloads\Pokemon-Showdown-master\battle-engine.js:2944:26)
    at process.on.e (C:\Users\Alex\Downloads\Pokemon-Showdown-master\simulator.js:520:14)
    at emitTwo (events.js:106:13)
    at process.emit (events.js:191:7)
    at process.nextTick (internal/child_process.js:719:12)
    at _combinedTickCallback (internal/process/next_tick.js:67:7)
    at process._tickCallback (internal/process/next_tick.js:98:9)

Error: **** p1 tried to leave before it was possible in battle-randombattlenolegendaries-45
    at Tools.Battle.leave (C:\Users\Alex\Downloads\Pokemon-Showdown-master\battle-engine.js:4922:33)
    at Tools.Battle.receive (C:\Users\Alex\Downloads\Pokemon-Showdown-master\battle-engine.js:4965:9)
    at process.on.e (C:\Users\Alex\Downloads\Pokemon-Showdown-master\simulator.js:508:13)
    at emitTwo (events.js:106:13)
    at process.emit (events.js:191:7)
    at process.nextTick (internal/child_process.js:719:12)
    at _combinedTickCallback (internal/process/next_tick.js:67:7)
    at process._tickCallback (internal/process/next_tick.js:98:9)

Error: **** p2 tried to leave before it was possible in battle-randombattlenolegendaries-45
    at Tools.Battle.leave (C:\Users\Alex\Downloads\Pokemon-Showdown-master\battle-engine.js:4922:33)
    at Tools.Battle.receive (C:\Users\Alex\Downloads\Pokemon-Showdown-master\battle-engine.js:4965:9)
    at process.on.e (C:\Users\Alex\Downloads\Pokemon-Showdown-master\simulator.js:508:13)
    at emitTwo (events.js:106:13)
    at process.emit (events.js:191:7)
    at process.nextTick (internal/child_process.js:719:12)
    at _combinedTickCallback (internal/process/next_tick.js:67:7)
    at process._tickCallback (internal/process/next_tick.js:98:9)

Error: CRASH LOADING TOGEPI DATA in ./mods/togepi/pokedex.js:
C:\Users\Alex\Downloads\Pokemon-Showdown-master\mods\togepi\pokedex.js:3
		species: "Togepi",
		       ^
SyntaxError: Unexpected token :
    at Object.exports.runInThisContext (vm.js:76:16)
    at Module._compile (module.js:528:28)
    at Object.Module._extensions..js (module.js:565:10)
    at Module.load (module.js:473:32)
    at tryModuleLoad (module.js:432:12)
    at Function.Module._load (module.js:424:3)
    at Module.require (module.js:483:17)
    at require (internal/module.js:20:19)
    at tryRequire (C:\Users\Alex\Downloads\Pokemon-Showdown-master\tools.js:85:14)
    at Tools.module.exports.Tools.includeData (C:\Users\Alex\Downloads\Pokemon-Showdown-master\tools.js:1069:20)
    at Tools.module.exports.Tools.includeData (C:\Users\Alex\Downloads\Pokemon-Showdown-master\tools.js:1071:54)
    at Tools.module.exports.Tools.includeMods (C:\Users\Alex\Downloads\Pokemon-Showdown-master\tools.js:1040:20)
    at Object.<anonymous> (C:\Users\Alex\Downloads\Pokemon-Showdown-master\chat-plugins\datasearch.js:256:8)
    at Module._compile (module.js:556:32)
    at Object.Module._extensions..js (module.js:565:10)
    at Module.load (module.js:473:32)
    at tryModuleLoad (module.js:432:12)
    at Function.Module._load (module.js:424:3)
    at Module.runMain (module.js:590:10)
    at run (bootstrap_node.js:394:7)

Additional information:


Error: CRASH LOADING TOGEPI DATA in ./mods/togepi/pokedex.js:
C:\Users\Alex\Downloads\Pokemon-Showdown-master\mods\togepi\pokedex.js:3
		species: "Togepi",
		       ^
SyntaxError: Unexpected token :
    at Object.exports.runInThisContext (vm.js:76:16)
    at Module._compile (module.js:528:28)
    at Object.Module._extensions..js (module.js:565:10)
    at Module.load (module.js:473:32)
    at tryModuleLoad (module.js:432:12)
    at Function.Module._load (module.js:424:3)
    at Module.require (module.js:483:17)
    at require (internal/module.js:20:19)
    at tryRequire (C:\Users\Alex\Downloads\Pokemon-Showdown-master\tools.js:85:14)
    at Tools.module.exports.Tools.includeData (C:\Users\Alex\Downloads\Pokemon-Showdown-master\tools.js:1069:20)
    at Tools.module.exports.Tools.includeData (C:\Users\Alex\Downloads\Pokemon-Showdown-master\tools.js:1071:54)
    at Tools.module.exports.Tools.includeMods (C:\Users\Alex\Downloads\Pokemon-Showdown-master\tools.js:1040:20)
    at Object.<anonymous> (C:\Users\Alex\Downloads\Pokemon-Showdown-master\team-validator.js:934:39)
    at Module._compile (module.js:556:32)
    at Object.Module._extensions..js (module.js:565:10)
    at Module.load (module.js:473:32)
    at tryModuleLoad (module.js:432:12)
    at Function.Module._load (module.js:424:3)
    at Module.runMain (module.js:590:10)
    at run (bootstrap_node.js:394:7)

Additional information:


Error: CRASH LOADING TOGEPI DATA in ./mods/togepi/pokedex.js:
C:\Users\Alex\Downloads\Pokemon-Showdown-master\mods\togepi\pokedex.js:3
		species: "Togepi",
		       ^
SyntaxError: Unexpected token :
    at Object.exports.runInThisContext (vm.js:76:16)
    at Module._compile (module.js:528:28)
    at Object.Module._extensions..js (module.js:565:10)
    at Module.load (module.js:473:32)
    at tryModuleLoad (module.js:432:12)
    at Function.Module._load (module.js:424:3)
    at Module.require (module.js:483:17)
    at require (internal/module.js:20:19)
    at tryRequire (C:\Users\Alex\Downloads\Pokemon-Showdown-master\tools.js:85:14)
    at Tools.module.exports.Tools.includeData (C:\Users\Alex\Downloads\Pokemon-Showdown-master\tools.js:1069:20)
    at Tools.module.exports.Tools.includeData (C:\Users\Alex\Downloads\Pokemon-Showdown-master\tools.js:1071:54)
    at Tools.module.exports.Tools.includeMods (C:\Users\Alex\Downloads\Pokemon-Showdown-master\tools.js:1040:20)
    at Object.<anonymous> (C:\Users\Alex\Downloads\Pokemon-Showdown-master\chat-plugins\datasearch.js:256:8)
    at Module._compile (module.js:556:32)
    at Object.Module._extensions..js (module.js:565:10)
    at Module.load (module.js:473:32)
    at tryModuleLoad (module.js:432:12)
    at Function.Module._load (module.js:424:3)
    at Module.runMain (module.js:590:10)
    at run (bootstrap_node.js:394:7)

Additional information:


Error: CRASH LOADING TOGEPI DATA in ./mods/togepi/pokedex.js:
C:\Users\Alex\Downloads\Pokemon-Showdown-master\mods\togepi\pokedex.js:3
		species: "Togepi",
		       ^
SyntaxError: Unexpected token :
    at Object.exports.runInThisContext (vm.js:76:16)
    at Module._compile (module.js:528:28)
    at Object.Module._extensions..js (module.js:565:10)
    at Module.load (module.js:473:32)
    at tryModuleLoad (module.js:432:12)
    at Function.Module._load (module.js:424:3)
    at Module.require (module.js:483:17)
    at require (internal/module.js:20:19)
    at tryRequire (C:\Users\Alex\Downloads\Pokemon-Showdown-master\tools.js:85:14)
    at Tools.module.exports.Tools.includeData (C:\Users\Alex\Downloads\Pokemon-Showdown-master\tools.js:1069:20)
    at Tools.module.exports.Tools.includeData (C:\Users\Alex\Downloads\Pokemon-Showdown-master\tools.js:1071:54)
    at Tools.module.exports.Tools.includeMods (C:\Users\Alex\Downloads\Pokemon-Showdown-master\tools.js:1040:20)
    at Object.<anonymous> (C:\Users\Alex\Downloads\Pokemon-Showdown-master\team-validator.js:934:39)
    at Module._compile (module.js:556:32)
    at Object.Module._extensions..js (module.js:565:10)
    at Module.load (module.js:473:32)
    at tryModuleLoad (module.js:432:12)
    at Function.Module._load (module.js:424:3)
    at Module.runMain (module.js:590:10)
    at run (bootstrap_node.js:394:7)

Additional information:


Error: CRASH LOADING TOGEPI DATA in ./mods/togepi/pokedex.js:
C:\Users\Alex\Downloads\Pokemon-Showdown-master\mods\togepi\pokedex.js:3
		species: "Togepi",
		       ^
SyntaxError: Unexpected token :
    at Object.exports.runInThisContext (vm.js:76:16)
    at Module._compile (module.js:528:28)
    at Object.Module._extensions..js (module.js:565:10)
    at Module.load (module.js:473:32)
    at tryModuleLoad (module.js:432:12)
    at Function.Module._load (module.js:424:3)
    at Module.require (module.js:483:17)
    at require (internal/module.js:20:19)
    at tryRequire (C:\Users\Alex\Downloads\Pokemon-Showdown-master\tools.js:85:14)
    at Tools.module.exports.Tools.includeData (C:\Users\Alex\Downloads\Pokemon-Showdown-master\tools.js:1069:20)
    at Tools.module.exports.Tools.includeData (C:\Users\Alex\Downloads\Pokemon-Showdown-master\tools.js:1071:54)
    at Tools.module.exports.Tools.includeMods (C:\Users\Alex\Downloads\Pokemon-Showdown-master\tools.js:1040:20)
    at Object.<anonymous> (C:\Users\Alex\Downloads\Pokemon-Showdown-master\chat-plugins\datasearch.js:256:8)
    at Module._compile (module.js:556:32)
    at Object.Module._extensions..js (module.js:565:10)
    at Module.load (module.js:473:32)
    at tryModuleLoad (module.js:432:12)
    at Function.Module._load (module.js:424:3)
    at Module.runMain (module.js:590:10)
    at run (bootstrap_node.js:394:7)

Additional information:


Error: CRASH LOADING TOGEPI DATA in ./mods/togepi/pokedex.js:
C:\Users\Alex\Downloads\Pokemon-Showdown-master\mods\togepi\pokedex.js:3
		species: "Togepi",
		       ^
SyntaxError: Unexpected token :
    at Object.exports.runInThisContext (vm.js:76:16)
    at Module._compile (module.js:528:28)
    at Object.Module._extensions..js (module.js:565:10)
    at Module.load (module.js:473:32)
    at tryModuleLoad (module.js:432:12)
    at Function.Module._load (module.js:424:3)
    at Module.require (module.js:483:17)
    at require (internal/module.js:20:19)
    at tryRequire (C:\Users\Alex\Downloads\Pokemon-Showdown-master\tools.js:85:14)
    at Tools.module.exports.Tools.includeData (C:\Users\Alex\Downloads\Pokemon-Showdown-master\tools.js:1069:20)
    at Tools.module.exports.Tools.includeData (C:\Users\Alex\Downloads\Pokemon-Showdown-master\tools.js:1071:54)
    at Tools.module.exports.Tools.includeMods (C:\Users\Alex\Downloads\Pokemon-Showdown-master\tools.js:1040:20)
    at Object.<anonymous> (C:\Users\Alex\Downloads\Pokemon-Showdown-master\team-validator.js:934:39)
    at Module._compile (module.js:556:32)
    at Object.Module._extensions..js (module.js:565:10)
    at Module.load (module.js:473:32)
    at tryModuleLoad (module.js:432:12)
    at Function.Module._load (module.js:424:3)
    at Module.runMain (module.js:590:10)
    at run (bootstrap_node.js:394:7)

Additional information:

